Archive member included because of file (symbol)

/usr/lib/gcc/avr/4.5.3/avr5/libgcc.a(_exit.o)
                              /usr/lib/gcc/avr/4.5.3/../../../avr/lib/avr5/crtm328p.o (exit)
/usr/lib/gcc/avr/4.5.3/avr5/libgcc.a(_copy_data.o)
                              test.o (__do_copy_data)
/usr/lib/gcc/avr/4.5.3/../../../avr/lib/avr5/libc.a(iob.o)
                              test.o (__iob)
/usr/lib/gcc/avr/4.5.3/../../../avr/lib/avr5/libc.a(printf.o)
                              test.o (printf)
/usr/lib/gcc/avr/4.5.3/../../../avr/lib/avr5/libc.a(puts.o)
                              test.o (puts)
/usr/lib/gcc/avr/4.5.3/../../../avr/lib/avr5/libc.a(vfprintf_std.o)
                              /usr/lib/gcc/avr/4.5.3/../../../avr/lib/avr5/libc.a(printf.o) (vfprintf)
/usr/lib/gcc/avr/4.5.3/../../../avr/lib/avr5/libc.a(strnlen_P.o)
                              /usr/lib/gcc/avr/4.5.3/../../../avr/lib/avr5/libc.a(vfprintf_std.o) (strnlen_P)
/usr/lib/gcc/avr/4.5.3/../../../avr/lib/avr5/libc.a(strnlen.o)
                              /usr/lib/gcc/avr/4.5.3/../../../avr/lib/avr5/libc.a(vfprintf_std.o) (strnlen)
/usr/lib/gcc/avr/4.5.3/../../../avr/lib/avr5/libc.a(fputc.o)
                              /usr/lib/gcc/avr/4.5.3/../../../avr/lib/avr5/libc.a(vfprintf_std.o) (fputc)
/usr/lib/gcc/avr/4.5.3/../../../avr/lib/avr5/libc.a(ultoa_invert.o)
                              /usr/lib/gcc/avr/4.5.3/../../../avr/lib/avr5/libc.a(vfprintf_std.o) (__ultoa_invert)
/usr/lib/gcc/avr/4.5.3/avr5/libgcc.a(_prologue.o)
                              /usr/lib/gcc/avr/4.5.3/../../../avr/lib/avr5/libc.a(printf.o) (__prologue_saves__)
/usr/lib/gcc/avr/4.5.3/avr5/libgcc.a(_epilogue.o)
                              /usr/lib/gcc/avr/4.5.3/../../../avr/lib/avr5/libc.a(printf.o) (__epilogue_restores__)
/usr/lib/gcc/avr/4.5.3/avr5/libgcc.a(_clear_bss.o)
                              /usr/lib/gcc/avr/4.5.3/../../../avr/lib/avr5/libc.a(iob.o) (__do_clear_bss)

Allocating common symbols
Common symbol       size              file

__iob               0x6               /usr/lib/gcc/avr/4.5.3/../../../avr/lib/avr5/libc.a(iob.o)

Memory Configuration

Name             Origin             Length             Attributes
text             0x0000000000000000 0x0000000000020000 xr
data             0x0000000000800060 0x000000000000ffa0 rw !x
eeprom           0x0000000000810000 0x0000000000010000 rw !x
fuse             0x0000000000820000 0x0000000000000400 rw !x
lock             0x0000000000830000 0x0000000000000400 rw !x
signature        0x0000000000840000 0x0000000000000400 rw !x
*default*        0x0000000000000000 0xffffffffffffffff

Linker script and memory map

Address of section .data set to 0x800100
LOAD /usr/lib/gcc/avr/4.5.3/../../../avr/lib/avr5/crtm328p.o
LOAD test.o
LOAD /usr/lib/gcc/avr/4.5.3/../../../avr/lib/avr5/libm.a
LOAD /usr/lib/gcc/avr/4.5.3/avr5/libgcc.a
LOAD /usr/lib/gcc/avr/4.5.3/../../../avr/lib/avr5/libc.a
LOAD /usr/lib/gcc/avr/4.5.3/avr5/libgcc.a

.hash
 *(.hash)

.dynsym
 *(.dynsym)

.dynstr
 *(.dynstr)

.gnu.version
 *(.gnu.version)

.gnu.version_d
 *(.gnu.version_d)

.gnu.version_r
 *(.gnu.version_r)

.rel.init
 *(.rel.init)

.rela.init
 *(.rela.init)

.rel.text
 *(.rel.text)
 *(.rel.text.*)
 *(.rel.gnu.linkonce.t*)

.rela.text
 *(.rela.text)
 *(.rela.text.*)
 *(.rela.gnu.linkonce.t*)

.rel.fini
 *(.rel.fini)

.rela.fini
 *(.rela.fini)

.rel.rodata
 *(.rel.rodata)
 *(.rel.rodata.*)
 *(.rel.gnu.linkonce.r*)

.rela.rodata
 *(.rela.rodata)
 *(.rela.rodata.*)
 *(.rela.gnu.linkonce.r*)

.rel.data
 *(.rel.data)
 *(.rel.data.*)
 *(.rel.gnu.linkonce.d*)

.rela.data
 *(.rela.data)
 *(.rela.data.*)
 *(.rela.gnu.linkonce.d*)

.rel.ctors
 *(.rel.ctors)

.rela.ctors
 *(.rela.ctors)

.rel.dtors
 *(.rel.dtors)

.rela.dtors
 *(.rela.dtors)

.rel.got
 *(.rel.got)

.rela.got
 *(.rela.got)

.rel.bss
 *(.rel.bss)

.rela.bss
 *(.rela.bss)

.rel.plt
 *(.rel.plt)

.rela.plt
 *(.rela.plt)

.text           0x0000000000000000      0x7d6
 *(.vectors)
 .vectors       0x0000000000000000       0x68 /usr/lib/gcc/avr/4.5.3/../../../avr/lib/avr5/crtm328p.o
                0x0000000000000000                __vectors
                0x0000000000000000                __vector_default
 *(.vectors)
 *(.progmem.gcc*)
 *(.progmem*)
                0x0000000000000068                . = ALIGN (0x2)
                0x0000000000000068                __trampolines_start = .
 *(.trampolines)
 .trampolines   0x0000000000000068        0x0 linker stubs
 *(.trampolines*)
                0x0000000000000068                __trampolines_end = .
 *(.jumptables)
 *(.jumptables*)
 *(.lowtext)
 *(.lowtext*)
                0x0000000000000068                __ctors_start = .
 *(.ctors)
                0x0000000000000068                __ctors_end = .
                0x0000000000000068                __dtors_start = .
 *(.dtors)
                0x0000000000000068                __dtors_end = .
 SORT(*)(.ctors)
 SORT(*)(.dtors)
 *(.init0)
 .init0         0x0000000000000068        0x0 /usr/lib/gcc/avr/4.5.3/../../../avr/lib/avr5/crtm328p.o
                0x0000000000000068                __init
 *(.init0)
 *(.init1)
 *(.init1)
 *(.init2)
 .init2         0x0000000000000068        0xc /usr/lib/gcc/avr/4.5.3/../../../avr/lib/avr5/crtm328p.o
 *(.init2)
 *(.init3)
 *(.init3)
 *(.init4)
 .init4         0x0000000000000074       0x16 /usr/lib/gcc/avr/4.5.3/avr5/libgcc.a(_copy_data.o)
                0x0000000000000074                __do_copy_data
 .init4         0x000000000000008a       0x10 /usr/lib/gcc/avr/4.5.3/avr5/libgcc.a(_clear_bss.o)
                0x000000000000008a                __do_clear_bss
 *(.init4)
 *(.init5)
 *(.init5)
 *(.init6)
 *(.init6)
 *(.init7)
 *(.init7)
 *(.init8)
 *(.init8)
 *(.init9)
 .init9         0x000000000000009a        0x8 /usr/lib/gcc/avr/4.5.3/../../../avr/lib/avr5/crtm328p.o
 *(.init9)
 *(.text)
 .text          0x00000000000000a2        0x4 /usr/lib/gcc/avr/4.5.3/../../../avr/lib/avr5/crtm328p.o
                0x00000000000000a2                __vector_22
                0x00000000000000a2                __vector_1
                0x00000000000000a2                __vector_24
                0x00000000000000a2                __vector_12
                0x00000000000000a2                __bad_interrupt
                0x00000000000000a2                __vector_6
                0x00000000000000a2                __vector_3
                0x00000000000000a2                __vector_23
                0x00000000000000a2                __vector_25
                0x00000000000000a2                __vector_11
                0x00000000000000a2                __vector_13
                0x00000000000000a2                __vector_17
                0x00000000000000a2                __vector_19
                0x00000000000000a2                __vector_7
                0x00000000000000a2                __vector_5
                0x00000000000000a2                __vector_4
                0x00000000000000a2                __vector_9
                0x00000000000000a2                __vector_2
                0x00000000000000a2                __vector_21
                0x00000000000000a2                __vector_15
                0x00000000000000a2                __vector_8
                0x00000000000000a2                __vector_14
                0x00000000000000a2                __vector_10
                0x00000000000000a2                __vector_16
                0x00000000000000a2                __vector_18
                0x00000000000000a2                __vector_20
 .text          0x00000000000000a6      0x11c test.o
                0x00000000000000c8                ioinit
                0x00000000000000f2                delay_us
                0x0000000000000100                delay_ms
                0x000000000000012c                getch
                0x000000000000013c                main
 .text          0x00000000000001c2        0x0 /usr/lib/gcc/avr/4.5.3/avr5/libgcc.a(_exit.o)
 .text          0x00000000000001c2        0x0 /usr/lib/gcc/avr/4.5.3/avr5/libgcc.a(_copy_data.o)
 .text          0x00000000000001c2        0x0 /usr/lib/gcc/avr/4.5.3/../../../avr/lib/avr5/libc.a(iob.o)
 .text          0x00000000000001c2        0x0 /usr/lib/gcc/avr/4.5.3/../../../avr/lib/avr5/libc.a(printf.o)
 .text          0x00000000000001c2        0x0 /usr/lib/gcc/avr/4.5.3/../../../avr/lib/avr5/libc.a(puts.o)
 .text          0x00000000000001c2        0x0 /usr/lib/gcc/avr/4.5.3/../../../avr/lib/avr5/libc.a(vfprintf_std.o)
 .text          0x00000000000001c2        0x0 /usr/lib/gcc/avr/4.5.3/../../../avr/lib/avr5/libc.a(strnlen_P.o)
 .text          0x00000000000001c2        0x0 /usr/lib/gcc/avr/4.5.3/../../../avr/lib/avr5/libc.a(strnlen.o)
 .text          0x00000000000001c2        0x0 /usr/lib/gcc/avr/4.5.3/../../../avr/lib/avr5/libc.a(fputc.o)
 .text          0x00000000000001c2        0x0 /usr/lib/gcc/avr/4.5.3/../../../avr/lib/avr5/libc.a(ultoa_invert.o)
 .text          0x00000000000001c2        0x0 /usr/lib/gcc/avr/4.5.3/avr5/libgcc.a(_prologue.o)
 .text          0x00000000000001c2        0x0 /usr/lib/gcc/avr/4.5.3/avr5/libgcc.a(_epilogue.o)
 .text          0x00000000000001c2        0x0 /usr/lib/gcc/avr/4.5.3/avr5/libgcc.a(_clear_bss.o)
                0x00000000000001c2                . = ALIGN (0x2)
 *(.text.*)
 .text.libgcc   0x00000000000001c2        0x0 /usr/lib/gcc/avr/4.5.3/avr5/libgcc.a(_exit.o)
 .text.libgcc   0x00000000000001c2        0x0 /usr/lib/gcc/avr/4.5.3/avr5/libgcc.a(_copy_data.o)
 .text.avr-libc
                0x00000000000001c2       0x2a /usr/lib/gcc/avr/4.5.3/../../../avr/lib/avr5/libc.a(printf.o)
                0x00000000000001c2                printf
 .text.avr-libc
                0x00000000000001ec       0x6a /usr/lib/gcc/avr/4.5.3/../../../avr/lib/avr5/libc.a(puts.o)
                0x00000000000001ec                puts
 .text.avr-libc
                0x0000000000000256      0x3ce /usr/lib/gcc/avr/4.5.3/../../../avr/lib/avr5/libc.a(vfprintf_std.o)
                0x0000000000000256                vfprintf
 .text.avr-libc
                0x0000000000000624       0x16 /usr/lib/gcc/avr/4.5.3/../../../avr/lib/avr5/libc.a(strnlen_P.o)
                0x0000000000000624                strnlen_P
 .text.avr-libc
                0x000000000000063a       0x16 /usr/lib/gcc/avr/4.5.3/../../../avr/lib/avr5/libc.a(strnlen.o)
                0x000000000000063a                strnlen
 .text.avr-libc
                0x0000000000000650       0x58 /usr/lib/gcc/avr/4.5.3/../../../avr/lib/avr5/libc.a(fputc.o)
                0x0000000000000650                fputc
 .text.avr-libc
                0x00000000000006a8       0xbc /usr/lib/gcc/avr/4.5.3/../../../avr/lib/avr5/libc.a(ultoa_invert.o)
                0x00000000000006a8                __ultoa_invert
 .text.libgcc   0x0000000000000764       0x38 /usr/lib/gcc/avr/4.5.3/avr5/libgcc.a(_prologue.o)
                0x0000000000000764                __prologue_saves__
 .text.libgcc   0x000000000000079c       0x36 /usr/lib/gcc/avr/4.5.3/avr5/libgcc.a(_epilogue.o)
                0x000000000000079c                __epilogue_restores__
 .text.libgcc   0x00000000000007d2        0x0 /usr/lib/gcc/avr/4.5.3/avr5/libgcc.a(_clear_bss.o)
                0x00000000000007d2                . = ALIGN (0x2)
 *(.fini9)
 .fini9         0x00000000000007d2        0x0 /usr/lib/gcc/avr/4.5.3/avr5/libgcc.a(_exit.o)
                0x00000000000007d2                exit
                0x00000000000007d2                _exit
 *(.fini9)
 *(.fini8)
 *(.fini8)
 *(.fini7)
 *(.fini7)
 *(.fini6)
 *(.fini6)
 *(.fini5)
 *(.fini5)
 *(.fini4)
 *(.fini4)
 *(.fini3)
 *(.fini3)
 *(.fini2)
 *(.fini2)
 *(.fini1)
 *(.fini1)
 *(.fini0)
 .fini0         0x00000000000007d2        0x4 /usr/lib/gcc/avr/4.5.3/avr5/libgcc.a(_exit.o)
 *(.fini0)
                0x00000000000007d6                _etext = .

.data           0x0000000000800100       0x4a load address 0x00000000000007d6
                0x0000000000800100                PROVIDE (__data_start, .)
 *(.data)
 .data          0x0000000000800100        0x0 /usr/lib/gcc/avr/4.5.3/../../../avr/lib/avr5/crtm328p.o
 .data          0x0000000000800100       0x49 test.o
                0x0000000000800139                bootloader
 .data          0x0000000000800149        0x0 /usr/lib/gcc/avr/4.5.3/avr5/libgcc.a(_exit.o)
 .data          0x0000000000800149        0x0 /usr/lib/gcc/avr/4.5.3/avr5/libgcc.a(_copy_data.o)
 .data          0x0000000000800149        0x0 /usr/lib/gcc/avr/4.5.3/../../../avr/lib/avr5/libc.a(iob.o)
 .data          0x0000000000800149        0x0 /usr/lib/gcc/avr/4.5.3/../../../avr/lib/avr5/libc.a(printf.o)
 .data          0x0000000000800149        0x0 /usr/lib/gcc/avr/4.5.3/../../../avr/lib/avr5/libc.a(puts.o)
 .data          0x0000000000800149        0x0 /usr/lib/gcc/avr/4.5.3/../../../avr/lib/avr5/libc.a(vfprintf_std.o)
 .data          0x0000000000800149        0x0 /usr/lib/gcc/avr/4.5.3/../../../avr/lib/avr5/libc.a(strnlen_P.o)
 .data          0x0000000000800149        0x0 /usr/lib/gcc/avr/4.5.3/../../../avr/lib/avr5/libc.a(strnlen.o)
 .data          0x0000000000800149        0x0 /usr/lib/gcc/avr/4.5.3/../../../avr/lib/avr5/libc.a(fputc.o)
 .data          0x0000000000800149        0x0 /usr/lib/gcc/avr/4.5.3/../../../avr/lib/avr5/libc.a(ultoa_invert.o)
 .data          0x0000000000800149        0x0 /usr/lib/gcc/avr/4.5.3/avr5/libgcc.a(_prologue.o)
 .data          0x0000000000800149        0x0 /usr/lib/gcc/avr/4.5.3/avr5/libgcc.a(_epilogue.o)
 .data          0x0000000000800149        0x0 /usr/lib/gcc/avr/4.5.3/avr5/libgcc.a(_clear_bss.o)
 *(.data*)
 *(.rodata)
 *(.rodata*)
 *(.gnu.linkonce.d*)
                0x000000000080014a                . = ALIGN (0x2)
 *fill*         0x0000000000800149        0x1 00
                0x000000000080014a                _edata = .
                0x000000000080014a                PROVIDE (__data_end, .)

.bss            0x000000000080014a        0x6
                0x000000000080014a                PROVIDE (__bss_start, .)
 *(.bss)
 .bss           0x000000000080014a        0x0 /usr/lib/gcc/avr/4.5.3/../../../avr/lib/avr5/crtm328p.o
 .bss           0x000000000080014a        0x0 test.o
 .bss           0x000000000080014a        0x0 /usr/lib/gcc/avr/4.5.3/avr5/libgcc.a(_exit.o)
 .bss           0x000000000080014a        0x0 /usr/lib/gcc/avr/4.5.3/avr5/libgcc.a(_copy_data.o)
 .bss           0x000000000080014a        0x0 /usr/lib/gcc/avr/4.5.3/../../../avr/lib/avr5/libc.a(iob.o)
 .bss           0x000000000080014a        0x0 /usr/lib/gcc/avr/4.5.3/../../../avr/lib/avr5/libc.a(printf.o)
 .bss           0x000000000080014a        0x0 /usr/lib/gcc/avr/4.5.3/../../../avr/lib/avr5/libc.a(puts.o)
 .bss           0x000000000080014a        0x0 /usr/lib/gcc/avr/4.5.3/../../../avr/lib/avr5/libc.a(vfprintf_std.o)
 .bss           0x000000000080014a        0x0 /usr/lib/gcc/avr/4.5.3/../../../avr/lib/avr5/libc.a(strnlen_P.o)
 .bss           0x000000000080014a        0x0 /usr/lib/gcc/avr/4.5.3/../../../avr/lib/avr5/libc.a(strnlen.o)
 .bss           0x000000000080014a        0x0 /usr/lib/gcc/avr/4.5.3/../../../avr/lib/avr5/libc.a(fputc.o)
 .bss           0x000000000080014a        0x0 /usr/lib/gcc/avr/4.5.3/../../../avr/lib/avr5/libc.a(ultoa_invert.o)
 .bss           0x000000000080014a        0x0 /usr/lib/gcc/avr/4.5.3/avr5/libgcc.a(_prologue.o)
 .bss           0x000000000080014a        0x0 /usr/lib/gcc/avr/4.5.3/avr5/libgcc.a(_epilogue.o)
 .bss           0x000000000080014a        0x0 /usr/lib/gcc/avr/4.5.3/avr5/libgcc.a(_clear_bss.o)
 *(.bss*)
 *(COMMON)
 COMMON         0x000000000080014a        0x6 /usr/lib/gcc/avr/4.5.3/../../../avr/lib/avr5/libc.a(iob.o)
                0x000000000080014a                __iob
                0x0000000000800150                PROVIDE (__bss_end, .)
                0x00000000000007d6                __data_load_start = LOADADDR (.data)
                0x0000000000000820                __data_load_end = (__data_load_start + SIZEOF (.data))

.noinit         0x0000000000800150        0x0
                0x0000000000800150                PROVIDE (__noinit_start, .)
 *(.noinit*)
                0x0000000000800150                PROVIDE (__noinit_end, .)
                0x0000000000800150                _end = .
                0x0000000000800150                PROVIDE (__heap_start, .)

.eeprom         0x0000000000810000        0x0
 *(.eeprom*)
                0x0000000000810000                __eeprom_end = .

.fuse
 *(.fuse)
 *(.lfuse)
 *(.hfuse)
 *(.efuse)

.lock
 *(.lock*)

.signature
 *(.signature*)

.stab           0x0000000000000000     0x1fe0
 *(.stab)
 .stab          0x0000000000000000      0x6cc /usr/lib/gcc/avr/4.5.3/../../../avr/lib/avr5/crtm328p.o
 .stab          0x00000000000006cc      0x300 /usr/lib/gcc/avr/4.5.3/../../../avr/lib/avr5/libc.a(iob.o)
                                        0x30c (size before relaxing)
 .stab          0x00000000000009cc      0x18c /usr/lib/gcc/avr/4.5.3/../../../avr/lib/avr5/libc.a(printf.o)
                                        0x36c (size before relaxing)
 .stab          0x0000000000000b58      0x1f8 /usr/lib/gcc/avr/4.5.3/../../../avr/lib/avr5/libc.a(puts.o)
                                        0x3d8 (size before relaxing)
 .stab          0x0000000000000d50      0xaf8 /usr/lib/gcc/avr/4.5.3/../../../avr/lib/avr5/libc.a(vfprintf_std.o)
                                        0xcd8 (size before relaxing)
 .stab          0x0000000000001848       0x9c /usr/lib/gcc/avr/4.5.3/../../../avr/lib/avr5/libc.a(strnlen_P.o)
                                         0xa8 (size before relaxing)
 .stab          0x00000000000018e4       0x9c /usr/lib/gcc/avr/4.5.3/../../../avr/lib/avr5/libc.a(strnlen.o)
                                         0xa8 (size before relaxing)
 .stab          0x0000000000001980      0x1e0 /usr/lib/gcc/avr/4.5.3/../../../avr/lib/avr5/libc.a(fputc.o)
                                        0x3c0 (size before relaxing)
 .stab          0x0000000000001b60      0x480 /usr/lib/gcc/avr/4.5.3/../../../avr/lib/avr5/libc.a(ultoa_invert.o)
                                        0x48c (size before relaxing)

.stabstr        0x0000000000000000      0xd1f
 *(.stabstr)
 .stabstr       0x0000000000000000      0xd1f /usr/lib/gcc/avr/4.5.3/../../../avr/lib/avr5/crtm328p.o

.stab.excl
 *(.stab.excl)

.stab.exclstr
 *(.stab.exclstr)

.stab.index
 *(.stab.index)

.stab.indexstr
 *(.stab.indexstr)

.comment
 *(.comment)

.debug
 *(.debug)

.line
 *(.line)

.debug_srcinfo
 *(.debug_srcinfo)

.debug_sfnames
 *(.debug_sfnames)

.debug_aranges  0x0000000000000000       0x20
 *(.debug_aranges)
 .debug_aranges
                0x0000000000000000       0x20 test.o

.debug_pubnames
                0x0000000000000000       0x59
 *(.debug_pubnames)
 .debug_pubnames
                0x0000000000000000       0x59 test.o

.debug_info     0x0000000000000000      0x2a6
 *(.debug_info)
 .debug_info    0x0000000000000000      0x2a6 test.o
 *(.gnu.linkonce.wi.*)

.debug_abbrev   0x0000000000000000      0x1a2
 *(.debug_abbrev)
 .debug_abbrev  0x0000000000000000      0x1a2 test.o

.debug_line     0x0000000000000000      0x21a
 *(.debug_line)
 .debug_line    0x0000000000000000      0x21a test.o

.debug_frame    0x0000000000000000       0x70
 *(.debug_frame)
 .debug_frame   0x0000000000000000       0x70 test.o

.debug_str      0x0000000000000000      0x13e
 *(.debug_str)
 .debug_str     0x0000000000000000      0x13e test.o
                                        0x177 (size before relaxing)

.debug_loc      0x0000000000000000       0xcd
 *(.debug_loc)
 .debug_loc     0x0000000000000000       0xcd test.o

.debug_macinfo
 *(.debug_macinfo)
OUTPUT(test.elf elf32-avr)
LOAD linker stubs

.debug_pubtypes
                0x0000000000000000       0x43
 .debug_pubtypes
                0x0000000000000000       0x43 test.o

Cross Reference Table

Symbol                                            File
__bad_interrupt                                   /usr/lib/gcc/avr/4.5.3/../../../avr/lib/avr5/crtm328p.o
__bss_end                                         /usr/lib/gcc/avr/4.5.3/avr5/libgcc.a(_clear_bss.o)
__bss_start                                       /usr/lib/gcc/avr/4.5.3/avr5/libgcc.a(_clear_bss.o)
__data_end                                        /usr/lib/gcc/avr/4.5.3/avr5/libgcc.a(_copy_data.o)
__data_load_start                                 /usr/lib/gcc/avr/4.5.3/avr5/libgcc.a(_copy_data.o)
__data_start                                      /usr/lib/gcc/avr/4.5.3/avr5/libgcc.a(_copy_data.o)
__do_clear_bss                                    /usr/lib/gcc/avr/4.5.3/avr5/libgcc.a(_clear_bss.o)
                                                  /usr/lib/gcc/avr/4.5.3/../../../avr/lib/avr5/libc.a(iob.o)
__do_copy_data                                    /usr/lib/gcc/avr/4.5.3/avr5/libgcc.a(_copy_data.o)
                                                  test.o
__epilogue_restores__                             /usr/lib/gcc/avr/4.5.3/avr5/libgcc.a(_epilogue.o)
                                                  /usr/lib/gcc/avr/4.5.3/../../../avr/lib/avr5/libc.a(vfprintf_std.o)
                                                  /usr/lib/gcc/avr/4.5.3/../../../avr/lib/avr5/libc.a(puts.o)
                                                  /usr/lib/gcc/avr/4.5.3/../../../avr/lib/avr5/libc.a(printf.o)
__heap_end                                        /usr/lib/gcc/avr/4.5.3/../../../avr/lib/avr5/crtm328p.o
__init                                            /usr/lib/gcc/avr/4.5.3/../../../avr/lib/avr5/crtm328p.o
__iob                                             /usr/lib/gcc/avr/4.5.3/../../../avr/lib/avr5/libc.a(puts.o)
                                                  /usr/lib/gcc/avr/4.5.3/../../../avr/lib/avr5/libc.a(printf.o)
                                                  /usr/lib/gcc/avr/4.5.3/../../../avr/lib/avr5/libc.a(iob.o)
                                                  test.o
__prologue_saves__                                /usr/lib/gcc/avr/4.5.3/avr5/libgcc.a(_prologue.o)
                                                  /usr/lib/gcc/avr/4.5.3/../../../avr/lib/avr5/libc.a(vfprintf_std.o)
                                                  /usr/lib/gcc/avr/4.5.3/../../../avr/lib/avr5/libc.a(printf.o)
__stack                                           /usr/lib/gcc/avr/4.5.3/../../../avr/lib/avr5/crtm328p.o
__ultoa_invert                                    /usr/lib/gcc/avr/4.5.3/../../../avr/lib/avr5/libc.a(ultoa_invert.o)
                                                  /usr/lib/gcc/avr/4.5.3/../../../avr/lib/avr5/libc.a(vfprintf_std.o)
__vector_1                                        /usr/lib/gcc/avr/4.5.3/../../../avr/lib/avr5/crtm328p.o
__vector_10                                       /usr/lib/gcc/avr/4.5.3/../../../avr/lib/avr5/crtm328p.o
__vector_11                                       /usr/lib/gcc/avr/4.5.3/../../../avr/lib/avr5/crtm328p.o
__vector_12                                       /usr/lib/gcc/avr/4.5.3/../../../avr/lib/avr5/crtm328p.o
__vector_13                                       /usr/lib/gcc/avr/4.5.3/../../../avr/lib/avr5/crtm328p.o
__vector_14                                       /usr/lib/gcc/avr/4.5.3/../../../avr/lib/avr5/crtm328p.o
__vector_15                                       /usr/lib/gcc/avr/4.5.3/../../../avr/lib/avr5/crtm328p.o
__vector_16                                       /usr/lib/gcc/avr/4.5.3/../../../avr/lib/avr5/crtm328p.o
__vector_17                                       /usr/lib/gcc/avr/4.5.3/../../../avr/lib/avr5/crtm328p.o
__vector_18                                       /usr/lib/gcc/avr/4.5.3/../../../avr/lib/avr5/crtm328p.o
__vector_19                                       /usr/lib/gcc/avr/4.5.3/../../../avr/lib/avr5/crtm328p.o
__vector_2                                        /usr/lib/gcc/avr/4.5.3/../../../avr/lib/avr5/crtm328p.o
__vector_20                                       /usr/lib/gcc/avr/4.5.3/../../../avr/lib/avr5/crtm328p.o
__vector_21                                       /usr/lib/gcc/avr/4.5.3/../../../avr/lib/avr5/crtm328p.o
__vector_22                                       /usr/lib/gcc/avr/4.5.3/../../../avr/lib/avr5/crtm328p.o
__vector_23                                       /usr/lib/gcc/avr/4.5.3/../../../avr/lib/avr5/crtm328p.o
__vector_24                                       /usr/lib/gcc/avr/4.5.3/../../../avr/lib/avr5/crtm328p.o
__vector_25                                       /usr/lib/gcc/avr/4.5.3/../../../avr/lib/avr5/crtm328p.o
__vector_3                                        /usr/lib/gcc/avr/4.5.3/../../../avr/lib/avr5/crtm328p.o
__vector_4                                        /usr/lib/gcc/avr/4.5.3/../../../avr/lib/avr5/crtm328p.o
__vector_5                                        /usr/lib/gcc/avr/4.5.3/../../../avr/lib/avr5/crtm328p.o
__vector_6                                        /usr/lib/gcc/avr/4.5.3/../../../avr/lib/avr5/crtm328p.o
__vector_7                                        /usr/lib/gcc/avr/4.5.3/../../../avr/lib/avr5/crtm328p.o
__vector_8                                        /usr/lib/gcc/avr/4.5.3/../../../avr/lib/avr5/crtm328p.o
__vector_9                                        /usr/lib/gcc/avr/4.5.3/../../../avr/lib/avr5/crtm328p.o
__vector_default                                  /usr/lib/gcc/avr/4.5.3/../../../avr/lib/avr5/crtm328p.o
__vectors                                         /usr/lib/gcc/avr/4.5.3/../../../avr/lib/avr5/crtm328p.o
_exit                                             /usr/lib/gcc/avr/4.5.3/avr5/libgcc.a(_exit.o)
bootloader                                        test.o
delay_ms                                          test.o
delay_us                                          test.o
exit                                              /usr/lib/gcc/avr/4.5.3/avr5/libgcc.a(_exit.o)
                                                  /usr/lib/gcc/avr/4.5.3/../../../avr/lib/avr5/crtm328p.o
fputc                                             /usr/lib/gcc/avr/4.5.3/../../../avr/lib/avr5/libc.a(fputc.o)
                                                  /usr/lib/gcc/avr/4.5.3/../../../avr/lib/avr5/libc.a(vfprintf_std.o)
getch                                             test.o
ioinit                                            test.o
main                                              test.o
                                                  /usr/lib/gcc/avr/4.5.3/../../../avr/lib/avr5/crtm328p.o
printf                                            /usr/lib/gcc/avr/4.5.3/../../../avr/lib/avr5/libc.a(printf.o)
                                                  test.o
puts                                              /usr/lib/gcc/avr/4.5.3/../../../avr/lib/avr5/libc.a(puts.o)
                                                  test.o
strnlen                                           /usr/lib/gcc/avr/4.5.3/../../../avr/lib/avr5/libc.a(strnlen.o)
                                                  /usr/lib/gcc/avr/4.5.3/../../../avr/lib/avr5/libc.a(vfprintf_std.o)
strnlen_P                                         /usr/lib/gcc/avr/4.5.3/../../../avr/lib/avr5/libc.a(strnlen_P.o)
                                                  /usr/lib/gcc/avr/4.5.3/../../../avr/lib/avr5/libc.a(vfprintf_std.o)
vfprintf                                          /usr/lib/gcc/avr/4.5.3/../../../avr/lib/avr5/libc.a(vfprintf_std.o)
                                                  /usr/lib/gcc/avr/4.5.3/../../../avr/lib/avr5/libc.a(printf.o)
